// Jest Snapshot v1, https://goo.gl/fbAQLP

exports[`matches snapshot 1`] = `
<div>
  <div
    className="project-Card_b d-flex justify-content-between align-items-center w-100 shadow rounded-10 px- py-3"
  >
    <div
      className="row align-items-center w-100"
    >
      <div
        className="col-5"
      >
        <div
          className="row align-items-center"
        >
          <div
            className="col-2"
          />
          <div
            className="col-10 ps-0"
          >
            <p
              className="mb-0 f14 color1 fw800"
            />
          </div>
        </div>
      </div>
    </div>
    <div
      className="d-flex justify-content-between"
    >
      <div
        className="bg-color4 color5 card-list-student-checkbox"
        onClick={[Function]}
      >
        1
      </div>
      <div
        className="bg-color4 color5 card-list-student-checkbox"
        onClick={[Function]}
      >
        2
      </div>
      <div
        className="bg-color4 color5 card-list-student-checkbox"
        onClick={[Function]}
      >
        3
      </div>
    </div>
  </div>
</div>
`;
